// Jest Snapshot v1, https://goo.gl/fbAQLP

exports[`Prueba <GifGridItem/> Debe de ser igual el snapshot 1`] = `
<div>
  <div
    class="card"
  >
    <img
      alt="One Piece"
      src="https://api.com/q"
    />
    <p>
      One Piece
       
    </p>
  </div>
</div>
`;
